// Jest Snapshot v1, https://goo.gl/fbAQLP

exports[`ListingPreview should match the snapshot with all data passed in correctly 1`] = `
<article>
  <img
    alt="Listing"
    className="preview-img"
    src="/images/5_a.jpg"
  />
  <div
    className="listing-preview"
  >
    <h2
      className="listing-name"
    >
      test name
    </h2>
    <div
      className="buttons"
    >
      <Link
        to="/area/undefined/listings/5"
      >
        <button
          className="details-btn"
          onClick={[Function]}
          type="button"
        >
          View Details
        </button>
      </Link>
      <button
        className="favorite-btn"
        onClick={[Function]}
        type="button"
      >
        <img
          alt="Favorite icon"
          className="favorite-img"
          src="/unfilled-heart.png"
        />
      </button>
    </div>
  </div>
</article>
`;
