// Jest Snapshot v1, https://goo.gl/fbAQLP

exports[`Loader should match the snapshot with all data passed in correctly 1`] = `
<div
  className="loader"
>
  <img
    alt="travel spinner/"
    className="loader-img"
    src="/noun_Travel_2913599.svg"
  />
</div>
`;
